    0 MC 0000
    4 MR 0000 23
    4 MC 0001
    5 MC 0001
0000 0000 0000 9c4f 0000 0000 0000 0000 0000 0000 0000 0001
00 01 0 0 0 0 6
