    0 MC 0000
    4 MR 0000 dd
    4 MC 0001
    8 MR 0001 6e
   19 MR 0002 2c
   19 MR c674 6b
223f f661 b61c 0f6b 0000 0000 0000 0000 c648 fae8 0000 0003
00 02 0 0 0 0 19
