    0 MC 0000
    4 MR 0000 dd
    4 MC 0001
    8 MR 0001 86
   19 MR 0002 c1
   19 MR b576 5b
a9bc d085 5bac e364 0000 0000 0000 0000 b5b5 fe3a 0000 0003
00 02 0 0 0 0 19
