    0 MC 0000
    4 MR 0000 dd
    4 MC 0001
    8 MR 0001 96
   13 MC 0002
   16 MR 0002 5f
   16 MC 2cc5
   19 MR 2cc5 49
5206 461f ced7 db3f 0000 0000 0000 0000 2c66 9dbf 0000 0003
00 02 0 0 0 0 19
