    0 MC 0000
    4 MR 0000 dd
    4 MC 0001
    8 MR 0001 a6
   19 MR 0002 41
   19 MR 7ed6 c7
0514 20c4 ebc3 da8d 0000 0000 0000 0000 7e95 5e8a 0000 0003
00 02 0 0 0 0 19
