    0 MC 0000
    4 MR 0000 dd
    4 MC 0001
    8 MR 0001 cb
    8 MC 0002
   11 MR 0002 04
   11 MC 0003
   15 MR 0003 90
   23 MR b505 46
   23 MW b505 42
c167 42fc 42e7 9e14 0000 0000 0000 0000 b501 84fe 0000 0004
00 02 0 0 0 0 23
b505 42 -1
