    0 MC 0000
    4 MR 0000 dd
    4 MC 0001
    8 MR 0001 cb
    8 MC 0002
   11 MR 0002 f2
   11 MC 0003
   15 MR 0003 a7
   23 MR 5eba 87
   23 MW 5eba 87
87ed 7b11 8cb0 eb3d 0000 0000 0000 0000 5ec8 97cf 0000 0004
00 02 0 0 0 0 23
