    0 MC 0000
    4 MR 0000 dd
    4 MC 0001
    8 MR 0001 cb
    8 MC 0002
   11 MR 0002 7b
   11 MC 0003
   15 MR 0003 f6
   23 MR dcd5 a2
   23 MW dcd5 e2
4d6c 93ac 810d cfe1 0000 0000 0000 0000 dc5a c33c 0000 0004
00 02 0 0 0 0 23
dcd5 e2 -1
