    0 MC 0000
    4 MR 0000 dd
    4 MC 0001
    8 MR 0001 cb
    8 MC 0002
   11 MR 0002 2e
   11 MC 0003
   15 MR 0003 e1
   23 MR b95f 75
   23 MW b95f 75
c219 aa75 dfbf 6f10 0000 0000 0000 0000 b931 d3d6 0000 0004
00 02 0 0 0 0 23
