    0 MC 0000
    4 MR 0000 dd
    4 MC 0001
    8 MR 0001 cb
    8 MC 0002
   11 MR 0002 20
   11 MC 0003
   15 MR 0003 3b
   23 MR 700d a9
   23 MW 700d 54
1b01 c795 d854 7ccf 0000 0000 0000 0000 6fed 09dc 0000 0004
00 02 0 0 0 0 23
700d 54 -1
