    0 MC 0000
    4 MR 0000 dd
    4 MC 0001
    8 MR 0001 cb
    8 MC 0002
   11 MR 0002 ae
   11 MC 0003
   15 MR 0003 c4
   17 MC 7a7b
   20 MR 7a7b 27
   20 MC 7a7b
   23 MW 7a7b 27
a679 cc05 3f4d 2799 0000 0000 0000 0000 7acd 48d7 0000 0004
00 02 0 0 0 0 23
