    0 MC 0000
    4 MR 0000 fd
    4 MC 0001
    8 MR 0001 46
   19 MR 0002 4d
   19 MR 3b49 c9
87f3 c9d5 5eea 830b 0000 0000 0000 0000 dcee 3afc 0000 0003
00 02 0 0 0 0 19
