    0 MC 0000
    4 MR 0000 fd
    4 MC 0001
    8 MR 0001 7e
   19 MR 0002 e4
   19 MR d443 aa
aa96 daba 147b f362 0000 0000 0000 0000 7110 d45f 0000 0003
00 02 0 0 0 0 19
