    0 MC 0000
    4 MR 0000 fd
    4 MC 0001
    8 MR 0001 cb
    8 MC 0002
   11 MR 0002 9d
   11 MC 0003
   15 MR 0003 4f
   20 MR 1c95 18
605c e079 7152 671f 0000 0000 0000 0000 8c22 1cf8 0000 0004
00 02 0 0 0 0 20
