    0 MC 0000
    4 MR 0000 fd
    4 MC 0001
    8 MR 0001 cb
    8 MC 0002
   11 MR 0002 d1
   11 MC 0003
   15 MR 0003 53
   17 MC 7eb2
   20 MR 7eb2 e4
ef10 e345 09a3 f0b2 0000 0000 0000 0000 c378 7ee1 0000 0004
00 02 0 0 0 0 20
