    0 MC 0000
    4 MR 0000 fd
    4 MC 0001
    8 MR 0001 cb
    8 MC 0002
   11 MR 0002 44
   11 MC 0003
   15 MR 0003 48
   17 MC abed
   20 MR abed b0
7d54 50a9 2511 8f9f 0000 0000 0000 0000 b612 aba9 0000 0004
00 02 0 0 0 0 20
