    0 MC 0000
    4 MR 0000 fd
    4 MC 0001
    8 MR 0001 cb
    8 MC 0002
   11 MR 0002 d9
   11 MC 0003
   15 MR 0003 70
   17 MC 3e41
   20 MR 3e41 c9
6e19 018d 5075 cf4e 0000 0000 0000 0000 cd2b 3e68 0000 0004
00 02 0 0 0 0 20
