    0 MC 0000
    4 MR 0000 fd
    4 MC 0001
    8 MR 0001 cb
    8 MC 0002
   11 MR 0002 c8
   11 MC 0003
   15 MR 0003 be
   17 MC 3cd7
   20 MR 3cd7 a1
   20 MC 3cd7
   23 MW 3cd7 21
1133 bef6 5059 1089 0000 0000 0000 0000 d558 3d0f 0000 0004
00 02 0 0 0 0 23
3cd7 21 -1
