    0 MC 0000
    4 MR 0000 dd
    4 MC 0001
    8 MR 0001 19
    8 MC 0002
    9 MC 0002
   10 MC 0002
   11 MC 0002
   12 MC 0002
   13 MC 0002
   14 MC 0002
1928 0e0b 2724 be62 0000 0000 0000 0000 a973 760b 0000 0002
00 02 0 0 0 0 15
