    0 MC 0000
    4 MR 0000 dd
    4 MC 0001
    8 MR 0001 4e
   13 MC 0002
   16 MR 0002 2e
   16 MC d979
   19 MR d979 76
7bf7 6676 8d55 def2 0000 0000 0000 0000 d94b 17fb 0000 0003
00 02 0 0 0 0 19
