    0 MC 0000
    4 MR 0000 dd
    4 MC 0001
    8 MR 0001 66
   19 MR 0002 b5
   19 MR ce12 03
84c2 79b1 ca4a 03a0 0000 0000 0000 0000 ce5d dd2d 0000 0003
00 02 0 0 0 0 19
