    0 MC 0000
    4 MR 0000 dd
    4 MC 0001
    8 MR 0001 74
   13 MC 0002
   16 MR 0002 b9
   16 MC 58c9
   19 MW 58c9 01
4ae0 49c5 3deb 0125 0000 0000 0000 0000 5910 429a 0000 0003
00 02 0 0 0 0 19
58c9 01 -1
