    0 MC 0000
    4 MR 0000 dd
    4 MC 0001
    8 MR 0001 cb
    8 MC 0002
   11 MR 0002 de
   11 MC 0003
   15 MR 0003 b3
   17 MC 53d9
   20 MR 53d9 06
   20 MC 53d9
   23 MW 53d9 06
36ca b434 e206 f805 0000 0000 0000 0000 53fb b191 0000 0004
00 02 0 0 0 0 23
