    0 MC 0000
    4 MR 0000 dd
    4 MC 0001
    8 MR 0001 cb
    8 MC 0002
   11 MR 0002 b1
   11 MC 0003
   15 MR 0003 68
   20 MR e919 20
8e31 0063 49ad b7d4 0000 0000 0000 0000 e968 864e 0000 0004
00 02 0 0 0 0 20
