    0 MC 0000
    4 MR 0000 dd
    4 MC 0001
    8 MR 0001 cb
    8 MC 0002
   11 MR 0002 42
   11 MC 0003
   15 MR 0003 52
   20 MR 6198 53
cb54 1220 1103 a868 0000 0000 0000 0000 6156 cfac 0000 0004
00 02 0 0 0 0 20
