    0 MC 0000
    4 MR 0000 dd
    4 MC 0001
    8 MR 0001 cb
    8 MC 0002
   11 MR 0002 62
   11 MC 0003
   15 MR 0003 8b
   17 MC 16e7
   20 MR 16e7 8a
   20 MC 16e7
   23 MW 16e7 88
3da2 1833 0388 07e9 0000 0000 0000 0000 1685 d790 0000 0004
00 02 0 0 0 0 23
16e7 88 -1
