    0 MC 0000
    4 MR 0000 dd
    4 MC 0001
    8 MR 0001 cb
    8 MC 0002
   11 MR 0002 8b
   11 MC 0003
   15 MR 0003 4f
   17 MC 884b
   20 MR 884b 4c
7254 257b db73 2478 0000 0000 0000 0000 88c0 f151 0000 0004
00 02 0 0 0 0 20
