    0 MC 0000
    4 MR 0000 dd
    4 MC 0001
    8 MR 0001 cb
    8 MC 0002
   11 MR 0002 c6
   11 MC 0003
   15 MR 0003 0e
   23 MR fd0f ad
   23 MW fd0f d6
1c81 890b 7830 060c 0000 0000 0000 0000 fd49 5d07 0000 0004
00 02 0 0 0 0 23
fd0f d6 -1
