    0 MC 0000
    4 MR 0000 dd
    4 MC 0001
    8 MR 0001 cb
    8 MC 0002
   11 MR 0002 1c
   11 MC 0003
   15 MR 0003 17
   23 MR b8e5 7e
   23 MW b8e5 fc
fcac cbd1 4e1a cd27 0000 0000 0000 0000 b8c9 e6d4 0000 0004
00 02 0 0 0 0 23
b8e5 fc -1
