    0 MC 0000
    4 MR 0000 dd
    4 MC 0001
    8 MR 0001 cb
    8 MC 0002
   11 MR 0002 d5
   11 MC 0003
   15 MR 0003 96
   23 MR 7a56 ae
   23 MW 7a56 aa
4a9e 42ef 32d7 18cf 0000 0000 0000 0000 7a81 bb1d 0000 0004
00 02 0 0 0 0 23
7a56 aa -1
