    0 MC 0000
    4 MR 0000 dd
    4 MC 0001
    8 MR 0001 cb
    8 MC 0002
   11 MR 0002 ef
   11 MC 0003
   15 MR 0003 bb
   17 MC bd20
   20 MR bd20 c9
   20 MC bd20
   23 MW bd20 49
c7e3 e49e 9e49 07e7 0000 0000 0000 0000 bd31 9d5f 0000 0004
00 02 0 0 0 0 23
bd20 49 -1
