    0 MC 0000
    4 MR 0000 dd
    4 MC 0001
    8 MR 0001 cb
    8 MC 0002
   11 MR 0002 e9
   11 MC 0003
   15 MR 0003 cd
   23 MR 535f 1c
   23 MW 535f 1e
3344 d73c d6b8 921e 0000 0000 0000 0000 5376 6d3a 0000 0004
00 02 0 0 0 0 23
535f 1e -1
