    0 MC 0000
    4 MR 0000 dd
    4 MC 0001
    8 MR 0001 cb
    8 MC 0002
   11 MR 0002 b9
   11 MC 0003
   15 MR 0003 bd
   17 MC e37d
   20 MR e37d dd
   20 MC e37d
   23 MW e37d 5d
4e71 6ffa a3f9 a25d 0000 0000 0000 0000 e3c4 02d4 0000 0004
00 02 0 0 0 0 23
e37d 5d -1
