    0 MC 0000
    4 MR 0000 dd
    4 MC 0001
    8 MR 0001 cb
    8 MC 0002
   11 MR 0002 bf
   11 MC 0003
   15 MR 0003 e4
   23 MR 9586 34
   23 MW 9586 34
1108 6e70 f0af 340c 0000 0000 0000 0000 95c7 6501 0000 0004
00 02 0 0 0 0 23
