    0 MC 0000
    4 MR 0000 dd
    4 MC 0001
    8 MR 0001 cb
    8 MC 0002
   11 MR 0002 bd
   11 MC 0003
   15 MR 0003 40
   17 MC 8bbe
   20 MR 8bbe e7
1111 f6ba 079e 0e41 0000 0000 0000 0000 8c01 cd21 0000 0004
00 02 0 0 0 0 20
