    0 MC 0000
    4 MR 0000 dd
    4 MC 0001
    8 MR 0001 cb
    8 MC 0002
   11 MR 0002 80
   11 MC 0003
   15 MR 0003 d7
   23 MR e6a5 60
   23 MW e6a5 64
641b ee10 c152 2f6d 0000 0000 0000 0000 e725 c0d7 0000 0004
00 02 0 0 0 0 23
e6a5 64 -1
