    0 MC 0000
    4 MR 0000 dd
    4 MC 0001
    8 MR 0001 e3
    8 MR 57bd 15
    8 MR 57be 3f
    8 MC 57bd
   11 MC 57be
   15 MC 57bd
   18 MC 57be
   23 MW 57bd 05
   23 MW 57be be
068e 58e6 2713 500f 0000 0000 0000 0000 3f15 4308 57bd 0002
00 02 0 0 0 0 23
57bd 05 be -1
