    0 MC 0000
    4 MR 0000 ed
    4 MC 0001
    8 MR 0001 60
    9 PR 0dae ff
    9 PC 0dae
2cac 0dae 621e ff66 0000 0000 0000 0000 0000 0000 0000 0002
00 02 0 0 0 0 12
