    0 MC 0000
    4 MR 0000 ed
    4 MC 0001
    8 MR 0001 b9
    8 MC c749
   11 MR c749 6c
   11 MC c749
   12 MC c749
   13 MC c749
   14 MC c749
   15 MC c749
   16 MC c749
   17 MC c749
   18 MC c749
   19 MC c749
   20 MC c749
   21 MC 0000
   25 MR 0000 ed
   25 MC 0001
   29 MR 0001 b9
   29 MC c748
   32 MR c748 4e
   32 MC c748
   33 MC c748
   34 MC c748
   35 MC c748
   36 MC c748
   37 MC c748
   38 MC c748
   39 MC c748
   40 MC c748
   41 MC c748
   42 MC 0000
   46 MR 0000 ed
   46 MC 0001
   50 MR 0001 b9
   50 MC c747
   53 MR c747 01
   53 MC c747
   54 MC c747
   55 MC c747
   56 MC c747
   57 MC c747
   58 MC c747
   59 MC c747
   60 MC c747
   61 MC c747
   62 MC c747
   63 MC 0000
   67 MR 0000 ed
   67 MC 0001
   71 MR 0001 b9
   71 MC c746
   74 MR c746 5a
   74 MC c746
   75 MC c746
   76 MC c746
   77 MC c746
   78 MC c746
   79 MC c746
   80 MC c746
   81 MC c746
   82 MC c746
   83 MC c746
   84 MC 0000
   88 MR 0000 ed
   88 MC 0001
   92 MR 0001 b9
   92 MC c745
   95 MR c745 ec
   95 MC c745
   96 MC c745
   97 MC c745
   98 MC c745
   99 MC c745
  100 MC c745
  101 MC c745
  102 MC c745
  103 MC c745
  104 MC c745
  105 MC 0000
  109 MR 0000 ed
  109 MC 0001
  113 MR 0001 b9
  113 MC c744
  116 MR c744 85
  116 MC c744
  117 MC c744
  118 MC c744
  119 MC c744
  120 MC c744
  121 MC c744
  122 MC c744
  123 MC c744
  124 MC c744
  125 MC c744
  126 MC 0000
  130 MR 0000 ed
  130 MC 0001
  134 MR 0001 b9
  134 MC c743
  137 MR c743 09
  137 MC c743
  138 MC c743
  139 MC c743
  140 MC c743
  141 MC c743
  142 MC c743
  143 MC c743
  144 MC c743
  145 MC c743
  146 MC c743
  147 MC 0000
  151 MR 0000 ed
  151 MC 0001
  155 MR 0001 b9
  155 MC c742
  158 MR c742 c6
  158 MC c742
  159 MC c742
  160 MC c742
  161 MC c742
  162 MC c742
ff0b 0000 a171 c741 0000 0000 0000 0000 0000 0000 0000 0002
00 10 0 0 0 0 163
