    0 MC 0000
    4 MR 0000 ed
    4 MC 0001
    8 MR 0001 ba
    8 MC 0002
   10 PR 069f ff
   13 MC 6b55
   16 MW 6b55 ff
   16 MC 6b55
   17 MC 6b55
   18 MC 6b55
   19 MC 6b55
   20 MC 6b55
   21 MC 0000
   25 MR 0000 ed
   25 MC 0001
   29 MR 0001 ba
   29 MC 0004
   31 PR 059f ff
   34 MC 6b54
   37 MW 6b54 ff
   37 MC 6b54
   38 MC 6b54
   39 MC 6b54
   40 MC 6b54
   41 MC 6b54
   42 MC 0000
   46 MR 0000 ed
   46 MC 0001
   50 MR 0001 ba
   50 MC 0006
   52 PR 049f ff
   55 MC 6b53
   58 MW 6b53 ff
   58 MC 6b53
   59 MC 6b53
   60 MC 6b53
   61 MC 6b53
   62 MC 6b53
   63 MC 0000
   67 MR 0000 ed
   67 MC 0001
   71 MR 0001 ba
   71 MC 0008
   73 PR 039f ff
   76 MC 6b52
   79 MW 6b52 ff
   79 MC 6b52
   80 MC 6b52
   81 MC 6b52
   82 MC 6b52
   83 MC 6b52
   84 MC 0000
   88 MR 0000 ed
   88 MC 0001
   92 MR 0001 ba
   92 MC 000a
   94 PR 029f ff
   97 MC 6b51
  100 MW 6b51 ff
  100 MC 6b51
  101 MC 6b51
  102 MC 6b51
  103 MC 6b51
  104 MC 6b51
  105 MC 0000
  109 MR 0000 ed
  109 MC 0001
  113 MR 0001 ba
  113 MC 000c
  115 PR 019f ff
  118 MC 6b50
  121 MW 6b50 ff
2542 009f d40d 6b4f 0000 0000 0000 0000 0000 0000 0000 0002
00 0c 0 0 0 0 121
6b50 ff ff ff ff ff ff -1
