    0 MC 0000
    4 MR 0000 fd
    4 MC 0001
    8 MR 0001 66
   19 MR 0002 80
   19 MR 5aa4 77
9129 e4ee e3a3 77ca 0000 0000 0000 0000 4d93 5b24 0000 0003
00 02 0 0 0 0 19
