    0 MC 0000
    4 MR 0000 fd
    4 MC 0001
    8 MR 0001 8e
   19 MR 0002 78
   19 MR 1b1a c0
0101 398f f6dc 06f3 0000 0000 0000 0000 f34a 1aa2 0000 0003
00 02 0 0 0 0 19
