    0 MC 0000
    4 MR 0000 fd
    4 MC 0001
    8 MR 0001 cb
    8 MC 0002
   11 MR 0002 9e
   11 MC 0003
   15 MR 0003 96
   23 MR e66d fc
   23 MW e66d f8
5d99 d9ec b6d0 5ed5 0000 0000 0000 0000 5d9d e6cf 0000 0004
00 02 0 0 0 0 23
e66d f8 -1
