    0 MC 0000
    4 MR 0000 fd
    4 MC 0001
    8 MR 0001 cb
    8 MC 0002
   11 MR 0002 aa
   11 MC 0003
   15 MR 0003 bd
   23 MR deb7 8d
   23 MW deb7 0d
30ef e60c 9bf0 a10d 0000 0000 0000 0000 bd1c df0d 0000 0004
00 02 0 0 0 0 23
deb7 0d -1
