    0 MC 0000
    4 MR 0000 fd
    4 MC 0001
    8 MR 0001 cb
    8 MC 0002
   11 MR 0002 58
   11 MC 0003
   15 MR 0003 ef
   23 MR 22ca 09
   23 MW 22ca 29
29e3 d344 cb5b aeb5 0000 0000 0000 0000 de5f 2272 0000 0004
00 02 0 0 0 0 23
22ca 29 -1
