    0 MC 0000
    4 MR 0000 fd
    4 MC 0001
    8 MR 0001 cb
    8 MC 0002
   11 MR 0002 52
   11 MC 0003
   15 MR 0003 93
   23 MR 2992 38
   23 MW 2992 38
61e5 cc2c 9538 b52b 0000 0000 0000 0000 fa64 2940 0000 0004
00 02 0 0 0 0 23
